---
source: tests/cli.rs
expression: "str::from_utf8(&out.get_output().stdout)?"

---
1 2 3 4 1 2 5 1 2 3 4 5
Hits: 5 - Misses: 7
+---+---+---+---+---+---+---+---+---+---+---+---+
| 1 | 1 | 1 | 1 | 1 | 1 | 1 | 1 | 1 | 3 | 4 | 4 |
+---+---+---+---+---+---+---+---+---+---+---+---+
|   | 2 | 2 | 2 | 2 | 2 | 2 | 2 | 2 | 2 | 2 | 2 |
+---+---+---+---+---+---+---+---+---+---+---+---+
|   |   | 3 | 4 | 4 | 4 | 5 | 5 | 5 | 5 | 5 | 5 |
+---+---+---+---+---+---+---+---+---+---+---+---+

